###############################################################################
#
# IAR ELF Linker V9.70.1.475/W64 for ARM                  28/Aug/2026  12:38:30
# Copyright 2007-2025 IAR Systems AB.
#
#    Output file  =
#        D:\STM32_ARM_IAR\CubeMXProject\0828UART\EWARM\0828UART\Exe\0828UART.out
#    Map file     =
#        D:\STM32_ARM_IAR\CubeMXProject\0828UART\EWARM\0828UART\List\0828UART.map
#    Command line =
#        -f
#        D:\STM32_ARM_IAR\CubeMXProject\0828UART\EWARM\0828UART\Exe\0828UART.out.rsp
#        (D:\STM32_ARM_IAR\CubeMXProject\0828UART\EWARM\0828UART\Obj\Core_13247989168731456611.dir\main.o
#        D:\STM32_ARM_IAR\CubeMXProject\0828UART\EWARM\0828UART\Obj\EWARM_18443280873093131863.dir\startup_stm32g431xx.o
#        D:\STM32_ARM_IAR\CubeMXProject\0828UART\EWARM\0828UART\Obj\STM32G4xx_HAL_Driver_577954748077118867.dir\stm32g4xx_hal.o
#        D:\STM32_ARM_IAR\CubeMXProject\0828UART\EWARM\0828UART\Obj\STM32G4xx_HAL_Driver_577954748077118867.dir\stm32g4xx_hal_cortex.o
#        D:\STM32_ARM_IAR\CubeMXProject\0828UART\EWARM\0828UART\Obj\STM32G4xx_HAL_Driver_577954748077118867.dir\stm32g4xx_hal_dma.o
#        D:\STM32_ARM_IAR\CubeMXProject\0828UART\EWARM\0828UART\Obj\STM32G4xx_HAL_Driver_577954748077118867.dir\stm32g4xx_hal_dma_ex.o
#        D:\STM32_ARM_IAR\CubeMXProject\0828UART\EWARM\0828UART\Obj\STM32G4xx_HAL_Driver_577954748077118867.dir\stm32g4xx_hal_exti.o
#        D:\STM32_ARM_IAR\CubeMXProject\0828UART\EWARM\0828UART\Obj\STM32G4xx_HAL_Driver_577954748077118867.dir\stm32g4xx_hal_flash.o
#        D:\STM32_ARM_IAR\CubeMXProject\0828UART\EWARM\0828UART\Obj\STM32G4xx_HAL_Driver_577954748077118867.dir\stm32g4xx_hal_flash_ex.o
#        D:\STM32_ARM_IAR\CubeMXProject\0828UART\EWARM\0828UART\Obj\STM32G4xx_HAL_Driver_577954748077118867.dir\stm32g4xx_hal_flash_ramfunc.o
#        D:\STM32_ARM_IAR\CubeMXProject\0828UART\EWARM\0828UART\Obj\STM32G4xx_HAL_Driver_577954748077118867.dir\stm32g4xx_hal_gpio.o
#        D:\STM32_ARM_IAR\CubeMXProject\0828UART\EWARM\0828UART\Obj\Core_13247989168731456611.dir\stm32g4xx_hal_msp.o
#        D:\STM32_ARM_IAR\CubeMXProject\0828UART\EWARM\0828UART\Obj\STM32G4xx_HAL_Driver_577954748077118867.dir\stm32g4xx_hal_pwr.o
#        D:\STM32_ARM_IAR\CubeMXProject\0828UART\EWARM\0828UART\Obj\STM32G4xx_HAL_Driver_577954748077118867.dir\stm32g4xx_hal_pwr_ex.o
#        D:\STM32_ARM_IAR\CubeMXProject\0828UART\EWARM\0828UART\Obj\STM32G4xx_HAL_Driver_577954748077118867.dir\stm32g4xx_hal_rcc.o
#        D:\STM32_ARM_IAR\CubeMXProject\0828UART\EWARM\0828UART\Obj\STM32G4xx_HAL_Driver_577954748077118867.dir\stm32g4xx_hal_rcc_ex.o
#        D:\STM32_ARM_IAR\CubeMXProject\0828UART\EWARM\0828UART\Obj\STM32G4xx_HAL_Driver_577954748077118867.dir\stm32g4xx_hal_uart.o
#        D:\STM32_ARM_IAR\CubeMXProject\0828UART\EWARM\0828UART\Obj\STM32G4xx_HAL_Driver_577954748077118867.dir\stm32g4xx_hal_uart_ex.o
#        D:\STM32_ARM_IAR\CubeMXProject\0828UART\EWARM\0828UART\Obj\STM32G4xx_HAL_Driver_577954748077118867.dir\stm32g4xx_hal_usart.o
#        D:\STM32_ARM_IAR\CubeMXProject\0828UART\EWARM\0828UART\Obj\STM32G4xx_HAL_Driver_577954748077118867.dir\stm32g4xx_hal_usart_ex.o
#        D:\STM32_ARM_IAR\CubeMXProject\0828UART\EWARM\0828UART\Obj\Core_13247989168731456611.dir\stm32g4xx_it.o
#        D:\STM32_ARM_IAR\CubeMXProject\0828UART\EWARM\0828UART\Obj\STM32G4xx_Nucleo_1771755121675401792.dir\stm32g4xx_nucleo.o
#        D:\STM32_ARM_IAR\CubeMXProject\0828UART\EWARM\0828UART\Obj\CMSIS_6603591812247902717.dir\system_stm32g4xx.o
#        --no_out_extension -o
#        D:\STM32_ARM_IAR\CubeMXProject\0828UART\EWARM\0828UART\Exe\0828UART.out
#        --redirect _Printf=_PrintfFullNoMb --redirect _Scanf=_ScanfFullNoMb
#        --map
#        D:\STM32_ARM_IAR\CubeMXProject\0828UART\EWARM\0828UART\List\0828UART.map
#        --config
#        D:\STM32_ARM_IAR\CubeMXProject\0828UART\EWARM/stm32g431xx_flash.icf
#        --semihosting --entry __iar_program_start --vfe --text_out locale
#        --cpu=Cortex-M4 --fpu=VFPv4_sp) --diagnostics_format=sarif_stdout
#        --dependencies=n
#        D:\STM32_ARM_IAR\CubeMXProject\0828UART\EWARM\0828UART\Exe\0828UART.out.iar_deps
#        --dynamic_output
#        D:\STM32_ARM_IAR\CubeMXProject\0828UART\EWARM\0828UART\Exe\0828UART.out.iar_dynout
#
###############################################################################

*******************************************************************************
*** RUNTIME MODEL ATTRIBUTES
***

CppFlavor       = *
__CPP_Runtime   = 1
__SystemLibrary = DLib
__dlib_version  = 6


*******************************************************************************
*** HEAP SELECTION
***

The basic heap was selected because --advanced_heap
was not specified and the application did not appear to
be primarily optimized for speed.


*******************************************************************************
*** PLACEMENT SUMMARY
***

"A0":  place at address 0x800'0000 {  ro section .intvec };
"P1":  place in [from 0x800'0000 to 0x801'ffff] {  ro };
define block CSTACK with size = 1K, alignment = 8 { };
define block HEAP with size = 512, alignment = 8 { };
"P2":  place in [from 0x2000'0000 to 0x2000'7fff] {
           rw,  block CSTACK,  block HEAP };
initialize by copy {  rw };

  Section            Kind         Address  Alignment    Size  Object
  -------            ----         -------  ---------    ----  ------
"A0":                                                  0x1d8
  .intvec            ro code   0x800'0000          4   0x1d8  startup_stm32g431xx.o [3]
                             - 0x800'01d8              0x1d8

"P1":                                                 0x331e
  .text              ro code   0x800'01d8          4   0xece  xprintffull_nomb.o [6]
  .text              ro code   0x800'10a6          2    0x3a  packbits_init_single.o [8]
  .text              ro code   0x800'10e0          4    0x16  strchr.o [8]
  .rodata            const     0x800'10f6          2     0x2  xlocale_c.o [6]
  .text              ro code   0x800'10f8          4    0x40  xfail_s.o [6]
  .text              ro code   0x800'1138          4    0x36  strlen.o [8]
  .rodata            const     0x800'116e                0x1  xlocale_c.o [6]
  .text              ro code   0x800'1170          4    0x58  memchr.o [8]
  .text              ro code   0x800'11c8          4    0xa6  ABImemcpy.o [8]
  .text              ro code   0x800'1270          4    0x70  frexp.o [7]
  .text              ro code   0x800'12e0          4    0x34  DblCmpLe.o [7]
  .text              ro code   0x800'1314          4    0x34  DblCmpGe.o [7]
  .text              ro code   0x800'1348          4   0x13a  ldexp.o [7]
  .text              ro code   0x800'1484          4    0x36  DblToS32.o [7]
  .text              ro code   0x800'14bc          4    0x22  S32ToDbl.o [7]
  .text              ro code   0x800'14e0          4   0x24e  DblAddSub.o [7]
  .text              ro code   0x800'1730          4   0x246  DblDiv.o [7]
  .text              ro code   0x800'1978          4    0x22  DblToU32.o [7]
  .text              ro code   0x800'199c          4    0x1c  U32ToDbl.o [7]
  .text              ro code   0x800'19b8          4   0x1aa  DblMul.o [7]
  .text              ro code   0x800'1b64          4     0x8  xlocale_c.o [6]
  .text              ro code   0x800'1b6c          4   0x106  I64DivMod_small.o [8]
  .text              ro code   0x800'1c72          2     0x6  abort.o [6]
  .text              ro code   0x800'1c78          4     0x2  I64DivZer.o [8]
  .text              ro code   0x800'1c7c          4    0x14  exit.o [9]
  .text              ro code   0x800'1c90          4   0x66c  stm32g4xx_hal_uart.o [4]
  .text              ro code   0x800'22fc          2     0x2  stm32g4xx_hal_uart.o [4]
  .text              ro code   0x800'2300          4     0xc  stm32g4xx_hal.o [4]
  .text              ro code   0x800'230c          4   0x624  stm32g4xx_hal_rcc.o [4]
  .text              ro code   0x800'2930          4    0x44  stm32g4xx_hal.o [4]
  .text              ro code   0x800'2974          4    0xb8  stm32g4xx_hal_cortex.o [4]
  .text              ro code   0x800'2a2c          4   0x228  stm32g4xx_nucleo.o [5]
  .text              ro code   0x800'2c54          4   0x1e4  stm32g4xx_hal_gpio.o [4]
  .text              ro code   0x800'2e38          4    0x4c  stm32g4xx_hal_exti.o [4]
  .text              ro code   0x800'2e84          4    0x34  stm32g4xx_nucleo.o [5]
  .text              ro code   0x800'2eb8          4   0x190  main.o [2]
  .text              ro code   0x800'3048          4    0x1e  stm32g4xx_hal.o [4]
  .text              ro code   0x800'3068          4    0x28  printf.o [6]
  .text              ro code   0x800'3090          4    0x28  stm32g4xx_hal.o [4]
  .text              ro code   0x800'30b8          4    0x12  ABImemset_small.o [8]
  .text              ro code   0x800'30cc          4    0xac  stm32g4xx_hal_pwr_ex.o [4]
  .text              ro code   0x800'3178          4    0x34  stm32g4xx_hal_msp.o [2]
  .text              ro code   0x800'31ac          4    0x44  putchar.o [6]
  .text              ro code   0x800'31f0          2    0x38  zero_init3.o [8]
  .text              ro code   0x800'3228          4    0x28  data_init.o [8]
  .text              ro code   0x800'3250          4    0x22  fpinit_M.o [7]
  .text              ro code   0x800'3274          4    0x22  cmain.o [8]
  .text              ro code   0x800'3296          2     0x4  low_level_init.o [6]
  .text              ro code   0x800'329a          2     0x4  exit.o [6]
  .text              ro code   0x800'32a0          4     0x4  cexit.o [8]
  .text              ro code   0x800'32a4          4     0xa  cexit_2.o [8]
  .iar.init_table    const     0x800'32b0          4    0x20  - Linker created -
  .text              ro code   0x800'32d0          4    0x20  system_stm32g4xx.o [1]
  .text              ro code   0x800'32f0          4    0x1e  cstartup_M.o [8]
  .text              ro code   0x800'330e          2    0x1a  stm32g4xx_it.o [2]
  .text              ro code   0x800'3328          4    0x10  stm32g4xx_hal.o [4]
  .text              ro code   0x800'3338          2    0x16  xprout.o [6]
  .text              ro code   0x800'3350          4    0x10  startup_stm32g431xx.o [3]
  .rodata            const     0x800'3360          4     0xc  stm32g4xx_nucleo.o [5]
  .rodata            const     0x800'336c          4     0x8  system_stm32g4xx.o [1]
  .rodata            const     0x800'3374          4     0x4  stm32g4xx_nucleo.o [5]
  .text              ro code   0x800'3378          2     0x4  startup_stm32g431xx.o [3]
  .text              ro code   0x800'337c          2     0x4  startup_stm32g431xx.o [3]
  .text              ro code   0x800'3380          2     0x4  startup_stm32g431xx.o [3]
  .text              ro code   0x800'3384          2     0x4  startup_stm32g431xx.o [3]
  .text              ro code   0x800'3388          2     0x4  startup_stm32g431xx.o [3]
  .text              ro code   0x800'338c          2     0x4  startup_stm32g431xx.o [3]
  .text              ro code   0x800'3390          2     0x4  startup_stm32g431xx.o [3]
  .text              ro code   0x800'3394          2     0x4  startup_stm32g431xx.o [3]
  .text              ro code   0x800'3398          2     0x4  startup_stm32g431xx.o [3]
  .text              ro code   0x800'339c          2     0x4  startup_stm32g431xx.o [3]
  .text              ro code   0x800'33a0          2     0x4  startup_stm32g431xx.o [3]
  .text              ro code   0x800'33a4          2     0x4  startup_stm32g431xx.o [3]
  .text              ro code   0x800'33a8          2     0x4  startup_stm32g431xx.o [3]
  .text              ro code   0x800'33ac          2     0x4  startup_stm32g431xx.o [3]
  .text              ro code   0x800'33b0          2     0x4  startup_stm32g431xx.o [3]
  .text              ro code   0x800'33b4          2     0x4  startup_stm32g431xx.o [3]
  .text              ro code   0x800'33b8          2     0x4  startup_stm32g431xx.o [3]
  .text              ro code   0x800'33bc          2     0x4  startup_stm32g431xx.o [3]
  .text              ro code   0x800'33c0          2     0x4  startup_stm32g431xx.o [3]
  .text              ro code   0x800'33c4          2     0x4  startup_stm32g431xx.o [3]
  .text              ro code   0x800'33c8          2     0x4  startup_stm32g431xx.o [3]
  .text              ro code   0x800'33cc          2     0x4  startup_stm32g431xx.o [3]
  .text              ro code   0x800'33d0          2     0x4  startup_stm32g431xx.o [3]
  .text              ro code   0x800'33d4          2     0x4  startup_stm32g431xx.o [3]
  .text              ro code   0x800'33d8          2     0x4  startup_stm32g431xx.o [3]
  .text              ro code   0x800'33dc          2     0x4  startup_stm32g431xx.o [3]
  .text              ro code   0x800'33e0          2     0x4  startup_stm32g431xx.o [3]
  .text              ro code   0x800'33e4          2     0x4  startup_stm32g431xx.o [3]
  .text              ro code   0x800'33e8          2     0x4  startup_stm32g431xx.o [3]
  .text              ro code   0x800'33ec          2     0x4  startup_stm32g431xx.o [3]
  .text              ro code   0x800'33f0          2     0x4  startup_stm32g431xx.o [3]
  .text              ro code   0x800'33f4          2     0x4  startup_stm32g431xx.o [3]
  .text              ro code   0x800'33f8          2     0x4  startup_stm32g431xx.o [3]
  .text              ro code   0x800'33fc          2     0x4  startup_stm32g431xx.o [3]
  .text              ro code   0x800'3400          2     0x4  startup_stm32g431xx.o [3]
  .text              ro code   0x800'3404          2     0x4  startup_stm32g431xx.o [3]
  .text              ro code   0x800'3408          2     0x4  startup_stm32g431xx.o [3]
  .text              ro code   0x800'340c          2     0x4  startup_stm32g431xx.o [3]
  .text              ro code   0x800'3410          2     0x4  startup_stm32g431xx.o [3]
  .text              ro code   0x800'3414          2     0x4  startup_stm32g431xx.o [3]
  .text              ro code   0x800'3418          2     0x4  startup_stm32g431xx.o [3]
  .text              ro code   0x800'341c          2     0x4  startup_stm32g431xx.o [3]
  .text              ro code   0x800'3420          2     0x4  startup_stm32g431xx.o [3]
  .text              ro code   0x800'3424          2     0x4  startup_stm32g431xx.o [3]
  .text              ro code   0x800'3428          2     0x4  startup_stm32g431xx.o [3]
  .text              ro code   0x800'342c          2     0x4  startup_stm32g431xx.o [3]
  .text              ro code   0x800'3430          2     0x4  startup_stm32g431xx.o [3]
  .text              ro code   0x800'3434          2     0x4  startup_stm32g431xx.o [3]
  .text              ro code   0x800'3438          2     0x4  startup_stm32g431xx.o [3]
  .text              ro code   0x800'343c          2     0x4  startup_stm32g431xx.o [3]
  .text              ro code   0x800'3440          2     0x4  startup_stm32g431xx.o [3]
  .text              ro code   0x800'3444          2     0x4  startup_stm32g431xx.o [3]
  .text              ro code   0x800'3448          2     0x4  startup_stm32g431xx.o [3]
  .text              ro code   0x800'344c          2     0x4  startup_stm32g431xx.o [3]
  .text              ro code   0x800'3450          2     0x4  startup_stm32g431xx.o [3]
  .text              ro code   0x800'3454          2     0x4  startup_stm32g431xx.o [3]
  .text              ro code   0x800'3458          2     0x4  startup_stm32g431xx.o [3]
  .text              ro code   0x800'345c          2     0x4  startup_stm32g431xx.o [3]
  .text              ro code   0x800'3460          2     0x4  startup_stm32g431xx.o [3]
  .text              ro code   0x800'3464          2     0x4  startup_stm32g431xx.o [3]
  .text              ro code   0x800'3468          2     0x4  startup_stm32g431xx.o [3]
  .text              ro code   0x800'346c          2     0x4  startup_stm32g431xx.o [3]
  .text              ro code   0x800'3470          2     0x4  startup_stm32g431xx.o [3]
  .text              ro code   0x800'3474          2     0x4  startup_stm32g431xx.o [3]
  .text              ro code   0x800'3478          2     0x4  startup_stm32g431xx.o [3]
  .text              ro code   0x800'347c          2     0x4  startup_stm32g431xx.o [3]
  .text              ro code   0x800'3480          2     0x4  startup_stm32g431xx.o [3]
  .text              ro code   0x800'3484          2     0x4  startup_stm32g431xx.o [3]
  .text              ro code   0x800'3488          2     0x4  startup_stm32g431xx.o [3]
  .rodata            const     0x800'348c                0x0  zero_init3.o [8]
  .rodata            const     0x800'348c                0x0  packbits_init_single.o [8]
  Initializer bytes  const     0x800'348c               0x6a  <for P2-1>
                             - 0x800'34f6             0x331e

"P2", part 1 of 3:                                      0x94
  P2-1                        0x2000'0000               0x94  <Init block>
    .data            inited   0x2000'0000          4     0xc  stm32g4xx_hal.o [4]
    .data            inited   0x2000'000c          4     0x4  system_stm32g4xx.o [1]
    .data            inited   0x2000'0010          4    0x38  xlocale_c.o [6]
    .data            inited   0x2000'0048          4    0x4c  xfiles.o [6]
                            - 0x2000'0094               0x94

"P2", part 2 of 3:                                     0x108
  .bss               zero     0x2000'0094          4    0x94  stm32g4xx_nucleo.o [5]
  .bss               zero     0x2000'0128          4    0x50  xfiles.o [6]
  .bss               zero     0x2000'0178          4    0x14  main.o [2]
  .bss               zero     0x2000'018c          4     0x8  stm32g4xx_nucleo.o [5]
  .bss               zero     0x2000'0194          4     0x4  xfail_s.o [6]
  .bss               zero     0x2000'0198                0x1  stm32g4xx_nucleo.o [5]
                            - 0x2000'0199              0x105

"P2", part 3 of 3:                                     0x400
  CSTACK                      0x2000'01a0          8   0x400  <Block>
    CSTACK           uninit   0x2000'01a0              0x400  <Block tail>
                            - 0x2000'05a0              0x400

Unused ranges:

         From           To      Size
         ----           --      ----
   0x800'34f6   0x801'ffff  0x1'cb0a
  0x2000'019c  0x2000'019f       0x4
  0x2000'05a0  0x2000'7fff    0x7a60


*******************************************************************************
*** INIT TABLE
***

          Address      Size
          -------      ----
Zero (__iar_zero_init3)
    1 destination range, total size 0x105:
          0x2000'0094  0x105

Copy/packbits (__iar_packbits_init_single3)
    1 source range, total size 0x6a (71% of destination):
           0x800'348c   0x6a
    1 destination range, total size 0x94:
          0x2000'0000   0x94



*******************************************************************************
*** MODULE SUMMARY
***

    Module                  ro code  ro data  rw data
    ------                  -------  -------  -------
command line/config:
    -------------------------------------------------
    Total:

D:\STM32_ARM_IAR\CubeMXProject\0828UART\EWARM\0828UART\Obj\CMSIS_6603591812247902717.dir: [1]
    system_stm32g4xx.o           32       11        4
    -------------------------------------------------
    Total:                       32       11        4

D:\STM32_ARM_IAR\CubeMXProject\0828UART\EWARM\0828UART\Obj\Core_13247989168731456611.dir: [2]
    main.o                      400                20
    stm32g4xx_hal_msp.o          52
    stm32g4xx_it.o               26
    -------------------------------------------------
    Total:                      478                20

D:\STM32_ARM_IAR\CubeMXProject\0828UART\EWARM\0828UART\Obj\EWARM_18443280873093131863.dir: [3]
    startup_stm32g431xx.o       764
    -------------------------------------------------
    Total:                      764

D:\STM32_ARM_IAR\CubeMXProject\0828UART\EWARM\0828UART\Obj\STM32G4xx_HAL_Driver_577954748077118867.dir: [4]
    stm32g4xx_hal.o             166        8       12
    stm32g4xx_hal_cortex.o      184
    stm32g4xx_hal_exti.o         76
    stm32g4xx_hal_gpio.o        484
    stm32g4xx_hal_pwr_ex.o      172
    stm32g4xx_hal_rcc.o       1'572
    stm32g4xx_hal_uart.o      1'646
    -------------------------------------------------
    Total:                    4'300        8       12

D:\STM32_ARM_IAR\CubeMXProject\0828UART\EWARM\0828UART\Obj\STM32G4xx_Nucleo_1771755121675401792.dir: [5]
    stm32g4xx_nucleo.o          604       16      157
    -------------------------------------------------
    Total:                      604       16      157

dl7M_tlf.a: [6]
    abort.o                       6
    exit.o                        4
    low_level_init.o              4
    printf.o                     40
    putchar.o                    68
    xfail_s.o                    64                 4
    xfiles.o                              55      156
    xlocale_c.o                   8       43       56
    xprintffull_nomb.o        3'790
    xprout.o                     22
    -------------------------------------------------
    Total:                    4'006       98      216

m7M_tls.a: [7]
    DblAddSub.o                 590
    DblCmpGe.o                   52
    DblCmpLe.o                   52
    DblDiv.o                    582
    DblMul.o                    426
    DblToS32.o                   54
    DblToU32.o                   34
    S32ToDbl.o                   34
    U32ToDbl.o                   28
    fpinit_M.o                   34
    frexp.o                     112
    ldexp.o                     314
    -------------------------------------------------
    Total:                    2'312

rt7M_tl.a: [8]
    ABImemcpy.o                 166
    ABImemset_small.o            18
    I64DivMod_small.o           262
    I64DivZer.o                   2
    cexit.o                       4
    cexit_2.o                    10
    cmain.o                      34
    cstartup_M.o                 30
    data_init.o                  40
    memchr.o                     88
    packbits_init_single.o       58
    strchr.o                     22
    strlen.o                     54
    zero_init3.o                 56
    -------------------------------------------------
    Total:                      844

shb_l.a: [9]
    exit.o                       20
    -------------------------------------------------
    Total:                       20

    Gaps                         31        2
    Linker created                        32    1'024
-----------------------------------------------------
    Grand Total:             13'391      167    1'433


*******************************************************************************
*** ENTRY LIST
***

Entry                       Address   Size  Type      Object
-----                       -------   ----  ----      ------
.iar.init_table$$Base    0x800'32b0          --   Gb  - Linker created -
.iar.init_table$$Limit   0x800'32d0          --   Gb  - Linker created -
?main                    0x800'3275         Code  Gb  cmain.o [8]
ADC1_2_IRQHandler        0x800'33bd         Code  Wk  startup_stm32g431xx.o [3]
AHBPrescTable            0x800'32e0   0x10  Data  Gb  system_stm32g4xx.o [1]
APBPrescTable            0x800'336c    0x8  Data  Gb  system_stm32g4xx.o [1]
BSP_COM_Init             0x800'2b53   0x86  Code  Gb  stm32g4xx_nucleo.o [5]
BSP_LED_Init             0x800'2a2d   0x46  Code  Gb  stm32g4xx_nucleo.o [5]
BSP_LED_On               0x800'2a81    0xa  Code  Gb  stm32g4xx_nucleo.o [5]
BSP_LED_Toggle           0x800'2aa5   0x18  Code  Gb  stm32g4xx_nucleo.o [5]
BSP_PB_Callback          0x800'2ff5    0xa  Code  Gb  main.o [2]
BSP_PB_IRQHandler        0x800'2b49    0xa  Code  Gb  stm32g4xx_nucleo.o [5]
BSP_PB_Init              0x800'2abd   0x8a  Code  Gb  stm32g4xx_nucleo.o [5]
BSP_PB_Init::BSP_BUTTON_PRIO
                         0x800'3368    0x4  Data  Lc  stm32g4xx_nucleo.o [5]
BSP_PB_Init::BUTTON_EXTI_LINE
                         0x800'2c50    0x4  Data  Lc  stm32g4xx_nucleo.o [5]
BSP_PB_Init::ButtonCallback
                         0x800'3364    0x4  Data  Lc  stm32g4xx_nucleo.o [5]
BUTTON_IRQn              0x800'2c4c    0x1  Data  Lc  stm32g4xx_nucleo.o [5]
BUTTON_PIN               0x800'2c48    0x2  Data  Lc  stm32g4xx_nucleo.o [5]
BUTTON_PORT              0x800'3360    0x4  Data  Lc  stm32g4xx_nucleo.o [5]
BUTTON_USER_EXTI_Callback
                         0x800'2c3d    0x6  Code  Lc  stm32g4xx_nucleo.o [5]
BspButtonState          0x2000'0188    0x4  Data  Gb  main.o [2]
BspCOMInit              0x2000'0178   0x10  Data  Gb  main.o [2]
BusFault_Handler         0x800'3315    0x2  Code  Gb  stm32g4xx_it.o [2]
COMP1_2_3_IRQHandler     0x800'3459         Code  Wk  startup_stm32g431xx.o [3]
COMP4_IRQHandler         0x800'345d         Code  Wk  startup_stm32g431xx.o [3]
COM_ActiveLogPort       0x2000'0198    0x1  Data  Lc  stm32g4xx_nucleo.o [5]
CORDIC_IRQHandler        0x800'3485         Code  Wk  startup_stm32g431xx.o [3]
CRS_IRQHandler           0x800'3461         Code  Wk  startup_stm32g431xx.o [3]
CSTACK$$Base            0x2000'01a0          --   Gb  - Linker created -
CSTACK$$Limit           0x2000'05a0          --   Gb  - Linker created -
DMA1_Channel1_IRQHandler
                         0x800'33a5         Code  Wk  startup_stm32g431xx.o [3]
DMA1_Channel2_IRQHandler
                         0x800'33a9         Code  Wk  startup_stm32g431xx.o [3]
DMA1_Channel3_IRQHandler
                         0x800'33ad         Code  Wk  startup_stm32g431xx.o [3]
DMA1_Channel4_IRQHandler
                         0x800'33b1         Code  Wk  startup_stm32g431xx.o [3]
DMA1_Channel5_IRQHandler
                         0x800'33b5         Code  Wk  startup_stm32g431xx.o [3]
DMA1_Channel6_IRQHandler
                         0x800'33b9         Code  Wk  startup_stm32g431xx.o [3]
DMA2_Channel1_IRQHandler
                         0x800'3441         Code  Wk  startup_stm32g431xx.o [3]
DMA2_Channel2_IRQHandler
                         0x800'3445         Code  Wk  startup_stm32g431xx.o [3]
DMA2_Channel3_IRQHandler
                         0x800'3449         Code  Wk  startup_stm32g431xx.o [3]
DMA2_Channel4_IRQHandler
                         0x800'344d         Code  Wk  startup_stm32g431xx.o [3]
DMA2_Channel5_IRQHandler
                         0x800'3451         Code  Wk  startup_stm32g431xx.o [3]
DMA2_Channel6_IRQHandler
                         0x800'3481         Code  Wk  startup_stm32g431xx.o [3]
DMAMUX_OVR_IRQHandler    0x800'347d         Code  Wk  startup_stm32g431xx.o [3]
DebugMon_Handler         0x800'331b    0x2  Code  Gb  stm32g4xx_it.o [2]
EXTI0_IRQHandler         0x800'3391         Code  Wk  startup_stm32g431xx.o [3]
EXTI15_10_IRQHandler     0x800'3323    0x6  Code  Gb  stm32g4xx_it.o [2]
EXTI1_IRQHandler         0x800'3395         Code  Wk  startup_stm32g431xx.o [3]
EXTI2_IRQHandler         0x800'3399         Code  Wk  startup_stm32g431xx.o [3]
EXTI3_IRQHandler         0x800'339d         Code  Wk  startup_stm32g431xx.o [3]
EXTI4_IRQHandler         0x800'33a1         Code  Wk  startup_stm32g431xx.o [3]
EXTI9_5_IRQHandler       0x800'33d1         Code  Wk  startup_stm32g431xx.o [3]
Error_Handler            0x800'300d    0x4  Code  Gb  main.o [2]
FDCAN1_IT0_IRQHandler    0x800'33c9         Code  Wk  startup_stm32g431xx.o [3]
FDCAN1_IT1_IRQHandler    0x800'33cd         Code  Wk  startup_stm32g431xx.o [3]
FLASH_IRQHandler         0x800'3389         Code  Wk  startup_stm32g431xx.o [3]
FMAC_IRQHandler          0x800'3489         Code  Wk  startup_stm32g431xx.o [3]
FPU_IRQHandler           0x800'3469         Code  Wk  startup_stm32g431xx.o [3]
HAL_Delay                0x800'3091   0x28  Code  Wk  stm32g4xx_hal.o [4]
HAL_EXTI_GetHandle       0x800'2e47    0xc  Code  Gb  stm32g4xx_hal_exti.o [4]
HAL_EXTI_IRQHandler      0x800'2e53   0x2c  Code  Gb  stm32g4xx_hal_exti.o [4]
HAL_EXTI_RegisterCallback
                         0x800'2e39    0xe  Code  Gb  stm32g4xx_hal_exti.o [4]
HAL_GPIO_Init            0x800'2c55  0x1a8  Code  Gb  stm32g4xx_hal_gpio.o [4]
HAL_GPIO_TogglePin       0x800'2e07   0x10  Code  Gb  stm32g4xx_hal_gpio.o [4]
HAL_GPIO_WritePin        0x800'2dfd    0xa  Code  Gb  stm32g4xx_hal_gpio.o [4]
HAL_GetTick              0x800'2301    0xc  Code  Wk  stm32g4xx_hal.o [4]
HAL_IncTick              0x800'3329   0x10  Code  Wk  stm32g4xx_hal.o [4]
HAL_Init                 0x800'3049   0x1e  Code  Gb  stm32g4xx_hal.o [4]
HAL_InitTick             0x800'2931   0x44  Code  Wk  stm32g4xx_hal.o [4]
HAL_MspInit              0x800'3179   0x34  Code  Gb  stm32g4xx_hal_msp.o [2]
HAL_NVIC_EnableIRQ       0x800'29dd   0x16  Code  Gb  stm32g4xx_hal_cortex.o [4]
HAL_NVIC_SetPriority     0x800'29a3   0x3a  Code  Gb  stm32g4xx_hal_cortex.o [4]
HAL_NVIC_SetPriorityGrouping
                         0x800'298f   0x14  Code  Gb  stm32g4xx_hal_cortex.o [4]
HAL_PWREx_ControlVoltageScaling
                         0x800'30cd   0x52  Code  Gb  stm32g4xx_hal_pwr_ex.o [4]
HAL_PWREx_DisableUCPDDeadBattery
                         0x800'3157    0x2  Code  Gb  stm32g4xx_hal_pwr_ex.o [4]
HAL_RCC_ClockConfig      0x800'26c9  0x19e  Code  Gb  stm32g4xx_hal_rcc.o [4]
HAL_RCC_GetPCLK1Freq     0x800'28d1   0x10  Code  Gb  stm32g4xx_hal_rcc.o [4]
HAL_RCC_GetPCLK2Freq     0x800'28e1    0xe  Code  Gb  stm32g4xx_hal_rcc.o [4]
HAL_RCC_GetSysClockFreq
                         0x800'2873   0x5e  Code  Gb  stm32g4xx_hal_rcc.o [4]
HAL_RCC_OscConfig        0x800'230d  0x3a0  Code  Gb  stm32g4xx_hal_rcc.o [4]
HAL_SYSTICK_Config       0x800'29f3   0x22  Code  Gb  stm32g4xx_hal_cortex.o [4]
HAL_UART_Init            0x800'1c91   0x34  Code  Gb  stm32g4xx_hal_uart.o [4]
HAL_UART_MspInit         0x800'22fd    0x2  Code  Wk  stm32g4xx_hal_uart.o [4]
HAL_UART_Transmit        0x800'1d19   0xac  Code  Gb  stm32g4xx_hal_uart.o [4]
HardFault_Handler        0x800'3311    0x2  Code  Gb  stm32g4xx_it.o [2]
I2C1_ER_IRQHandler       0x800'33f5         Code  Wk  startup_stm32g431xx.o [3]
I2C1_EV_IRQHandler       0x800'33f1         Code  Wk  startup_stm32g431xx.o [3]
I2C2_ER_IRQHandler       0x800'33fd         Code  Wk  startup_stm32g431xx.o [3]
I2C2_EV_IRQHandler       0x800'33f9         Code  Wk  startup_stm32g431xx.o [3]
I2C3_ER_IRQHandler       0x800'3479         Code  Wk  startup_stm32g431xx.o [3]
I2C3_EV_IRQHandler       0x800'3475         Code  Wk  startup_stm32g431xx.o [3]
LED_PIN                  0x800'2c44    0x2  Data  Lc  stm32g4xx_nucleo.o [5]
LED_PORT                 0x800'3374    0x4  Data  Lc  stm32g4xx_nucleo.o [5]
LPTIM1_IRQHandler        0x800'342d         Code  Wk  startup_stm32g431xx.o [3]
LPUART1_IRQHandler       0x800'3471         Code  Wk  startup_stm32g431xx.o [3]
MX_LPUART1_Init          0x800'2e85   0x34  Code  Wk  stm32g4xx_nucleo.o [5]
MemManage_Handler        0x800'3313    0x2  Code  Gb  stm32g4xx_it.o [2]
NMI_Handler              0x800'330f    0x2  Code  Gb  stm32g4xx_it.o [2]
PVD_PVM_IRQHandler       0x800'337d         Code  Wk  startup_stm32g431xx.o [3]
PendSV_Handler           0x800'331d    0x2  Code  Gb  stm32g4xx_it.o [2]
RCC_IRQHandler           0x800'338d         Code  Wk  startup_stm32g431xx.o [3]
RNG_IRQHandler           0x800'346d         Code  Wk  startup_stm32g431xx.o [3]
RTC_Alarm_IRQHandler     0x800'3415         Code  Wk  startup_stm32g431xx.o [3]
RTC_TAMP_LSECSS_IRQHandler
                         0x800'3381         Code  Wk  startup_stm32g431xx.o [3]
RTC_WKUP_IRQHandler      0x800'3385         Code  Wk  startup_stm32g431xx.o [3]
Region$$Table$$Base      0x800'32b0          --   Gb  - Linker created -
Region$$Table$$Limit     0x800'32d0          --   Gb  - Linker created -
Reset_Handler            0x800'3351         Code  Wk  startup_stm32g431xx.o [3]
SAI1_IRQHandler          0x800'3465         Code  Wk  startup_stm32g431xx.o [3]
SPI1_IRQHandler          0x800'3401         Code  Wk  startup_stm32g431xx.o [3]
SPI2_IRQHandler          0x800'3405         Code  Wk  startup_stm32g431xx.o [3]
SPI3_IRQHandler          0x800'3431         Code  Wk  startup_stm32g431xx.o [3]
SVC_Handler              0x800'3319    0x2  Code  Gb  stm32g4xx_it.o [2]
SysTick_Handler          0x800'331f    0x4  Code  Gb  stm32g4xx_it.o [2]
SystemClock_Config       0x800'2f75   0x6c  Code  Gb  main.o [2]
SystemCoreClock         0x2000'000c    0x4  Data  Gb  system_stm32g4xx.o [1]
SystemInit               0x800'32d1    0xc  Code  Gb  system_stm32g4xx.o [1]
TIM1_BRK_TIM15_IRQHandler
                         0x800'33d5         Code  Wk  startup_stm32g431xx.o [3]
TIM1_CC_IRQHandler       0x800'33e1         Code  Wk  startup_stm32g431xx.o [3]
TIM1_TRG_COM_TIM17_IRQHandler
                         0x800'33dd         Code  Wk  startup_stm32g431xx.o [3]
TIM1_UP_TIM16_IRQHandler
                         0x800'33d9         Code  Wk  startup_stm32g431xx.o [3]
TIM2_IRQHandler          0x800'33e5         Code  Wk  startup_stm32g431xx.o [3]
TIM3_IRQHandler          0x800'33e9         Code  Wk  startup_stm32g431xx.o [3]
TIM4_IRQHandler          0x800'33ed         Code  Wk  startup_stm32g431xx.o [3]
TIM6_DAC_IRQHandler      0x800'3439         Code  Wk  startup_stm32g431xx.o [3]
TIM7_IRQHandler          0x800'343d         Code  Wk  startup_stm32g431xx.o [3]
TIM8_BRK_IRQHandler      0x800'341d         Code  Wk  startup_stm32g431xx.o [3]
TIM8_CC_IRQHandler       0x800'3429         Code  Wk  startup_stm32g431xx.o [3]
TIM8_TRG_COM_IRQHandler
                         0x800'3425         Code  Wk  startup_stm32g431xx.o [3]
TIM8_UP_IRQHandler       0x800'3421         Code  Wk  startup_stm32g431xx.o [3]
UART4_IRQHandler         0x800'3435         Code  Wk  startup_stm32g431xx.o [3]
UARTPrescTable           0x800'22bc   0x18  Data  Gb  stm32g4xx_hal_uart.o [4]
UART_AdvFeatureConfig    0x800'204d   0xc6  Code  Gb  stm32g4xx_hal_uart.o [4]
UART_CheckIdleState      0x800'2113   0x92  Code  Gb  stm32g4xx_hal_uart.o [4]
UART_EndRxTransfer       0x800'2261   0x56  Code  Lc  stm32g4xx_hal_uart.o [4]
UART_SetConfig           0x800'1de5  0x268  Code  Gb  stm32g4xx_hal_uart.o [4]
UART_WaitOnFlagUntilTimeout
                         0x800'21cd   0x94  Code  Gb  stm32g4xx_hal_uart.o [4]
UCPD1_IRQHandler         0x800'3455         Code  Wk  startup_stm32g431xx.o [3]
USART1_IRQHandler        0x800'3409         Code  Wk  startup_stm32g431xx.o [3]
USART2_IRQHandler        0x800'340d         Code  Wk  startup_stm32g431xx.o [3]
USART3_IRQHandler        0x800'3411         Code  Wk  startup_stm32g431xx.o [3]
USBWakeUp_IRQHandler     0x800'3419         Code  Wk  startup_stm32g431xx.o [3]
USB_HP_IRQHandler        0x800'33c1         Code  Wk  startup_stm32g431xx.o [3]
USB_LP_IRQHandler        0x800'33c5         Code  Wk  startup_stm32g431xx.o [3]
UsageFault_Handler       0x800'3317    0x2  Code  Gb  stm32g4xx_it.o [2]
WWDG_IRQHandler          0x800'3379         Code  Wk  startup_stm32g431xx.o [3]
_LC                      0x800'01d9    0x6  Code  Lc  xprintffull_nomb.o [6]
_LitobFullNoMb           0x800'0ec5  0x114  Code  Lc  xprintffull_nomb.o [6]
_Locale_lconv           0x2000'0010   0x38  Data  Lc  xlocale_c.o [6]
_PrintfFullNoMb          0x800'01df  0xcb8  Code  Gb  xprintffull_nomb.o [6]
_Prout                   0x800'3339   0x16  Code  Gb  xprout.o [6]
_PutcharsFullNoMb        0x800'1031   0x2e  Code  Lc  xprintffull_nomb.o [6]
__NVIC_SetPriority       0x800'2975   0x1a  Code  Lc  stm32g4xx_hal_cortex.o [4]
__aeabi_cdcmple          0x800'12e1         Code  Gb  DblCmpLe.o [7]
__aeabi_cdrcmple         0x800'1315         Code  Gb  DblCmpGe.o [7]
__aeabi_d2iz             0x800'1485         Code  Gb  DblToS32.o [7]
__aeabi_d2uiz            0x800'1979         Code  Gb  DblToU32.o [7]
__aeabi_ddiv             0x800'1731         Code  Gb  DblDiv.o [7]
__aeabi_dmul             0x800'19b9         Code  Gb  DblMul.o [7]
__aeabi_dsub             0x800'164d         Code  Gb  DblAddSub.o [7]
__aeabi_i2d              0x800'14bd         Code  Gb  S32ToDbl.o [7]
__aeabi_ldiv0            0x800'1c79         Code  Gb  I64DivZer.o [8]
__aeabi_memcpy           0x800'11c9         Code  Gb  ABImemcpy.o [8]
__aeabi_memcpy4          0x800'11e9         Code  Gb  ABImemcpy.o [8]
__aeabi_memcpy8          0x800'11e9         Code  Gb  ABImemcpy.o [8]
__aeabi_ui2d             0x800'199d         Code  Gb  U32ToDbl.o [7]
__cmain                  0x800'3275         Code  Gb  cmain.o [8]
__exit                   0x800'1c7d   0x14  Code  Gb  exit.o [9]
__iar_Fail_s             0x800'10f9   0x1c  Code  Gb  xfail_s.o [6]
__iar_Memchr             0x800'1171         Code  Gb  memchr.o [8]
__iar_Stdout            0x2000'0048   0x4c  Data  Gb  xfiles.o [6]
__iar_Strchr             0x800'10e1         Code  Gb  strchr.o [8]
__iar_data_init3         0x800'3229   0x28  Code  Gb  data_init.o [8]
__iar_frexp              0x800'127d         Code  Gb  frexp.o [7]
__iar_frexpl             0x800'127d         Code  Gb  frexp.o [7]
__iar_init_vfp           0x800'3251         Code  Gb  fpinit_M.o [7]
__iar_ldexp64            0x800'1349         Code  Gb  ldexp.o [7]
__iar_packbits_init_single3
                         0x800'10a7   0x3a  Code  Gb  packbits_init_single.o [8]
__iar_program_start      0x800'32f1         Code  Gb  cstartup_M.o [8]
__iar_scalbln64          0x800'1349         Code  Gb  ldexp.o [7]
__iar_scalbn64           0x800'1349         Code  Gb  ldexp.o [7]
__iar_small_Memset       0x800'30b9         Code  Gb  ABImemset_small.o [8]
__iar_small_Memset_word
                         0x800'30b9         Code  Gb  ABImemset_small.o [8]
__iar_small_memset       0x800'30b9         Code  Gb  ABImemset_small.o [8]
__iar_small_uldivmod     0x800'1b6d         Code  Gb  I64DivMod_small.o [8]
__iar_softfp___iar_frexp64
                         0x800'1271         Code  Gb  frexp.o [7]
__iar_softfp_frexp       0x800'1271         Code  Gb  frexp.o [7]
__iar_softfp_frexpl      0x800'1271         Code  Gb  frexp.o [7]
__iar_zero_init3         0x800'31f1   0x38  Code  Gb  zero_init3.o [8]
__low_level_init         0x800'3297    0x4  Code  Gb  low_level_init.o [6]
__vector_table           0x800'0000         Data  Gb  startup_stm32g431xx.o [3]
__write                  0x800'2be7   0x1c  Code  Gb  stm32g4xx_nucleo.o [5]
_call_main               0x800'3281         Code  Gb  cmain.o [8]
_exit                    0x800'32a1         Code  Gb  cexit.o [8]
_exit_2                  0x800'32a5         Code  Gb  cexit_2.o [8]
abort                    0x800'1c73    0x6  Code  Gb  abort.o [6]
exit                     0x800'329b    0x4  Code  Gb  exit.o [6]
fputc                    0x800'2fe1   0x14  Code  Gb  main.o [2]
hcom_uart               0x2000'0094   0x94  Data  Gb  stm32g4xx_nucleo.o [5]
hpb_exti                0x2000'018c    0x8  Data  Gb  stm32g4xx_nucleo.o [5]
iar_fputc                0x800'2c03   0x20  Code  Gb  stm32g4xx_nucleo.o [5]
ldexp                    0x800'1349         Code  Gb  ldexp.o [7]
ldexpl                   0x800'1349         Code  Gb  ldexp.o [7]
localeconv               0x800'1b65    0x4  Code  Gb  xlocale_c.o [6]
main                     0x800'2eb9   0xbc  Code  Gb  main.o [2]
memchr                   0x800'1171         Code  Gb  memchr.o [8]
obuf                    0x2000'0128   0x50  Data  Lc  xfiles.o [6]
printf                   0x800'3069   0x28  Code  Gb  printf.o [6]
putchar                  0x800'31ad   0x44  Code  Gb  putchar.o [6]
scalbln                  0x800'1349         Code  Gb  ldexp.o [7]
scalblnl                 0x800'1349         Code  Gb  ldexp.o [7]
scalbn                   0x800'1349         Code  Gb  ldexp.o [7]
scalbnl                  0x800'1349         Code  Gb  ldexp.o [7]
scale                    0x800'0fd9   0x46  Code  Lc  xprintffull_nomb.o [6]
sec_hand                0x2000'0194    0x4  Data  Lc  xfail_s.o [6]
strchr                   0x800'10e1         Code  Gb  strchr.o [8]
strlen                   0x800'1139         Code  Gb  strlen.o [8]
uwTick                  0x2000'0000    0x4  Data  Gb  stm32g4xx_hal.o [4]
uwTickFreq              0x2000'0008    0x4  Data  Gb  stm32g4xx_hal.o [4]
uwTickPrio              0x2000'0004    0x4  Data  Gb  stm32g4xx_hal.o [4]


[1] = D:\STM32_ARM_IAR\CubeMXProject\0828UART\EWARM\0828UART\Obj\CMSIS_6603591812247902717.dir
[2] = D:\STM32_ARM_IAR\CubeMXProject\0828UART\EWARM\0828UART\Obj\Core_13247989168731456611.dir
[3] = D:\STM32_ARM_IAR\CubeMXProject\0828UART\EWARM\0828UART\Obj\EWARM_18443280873093131863.dir
[4] = D:\STM32_ARM_IAR\CubeMXProject\0828UART\EWARM\0828UART\Obj\STM32G4xx_HAL_Driver_577954748077118867.dir
[5] = D:\STM32_ARM_IAR\CubeMXProject\0828UART\EWARM\0828UART\Obj\STM32G4xx_Nucleo_1771755121675401792.dir
[6] = dl7M_tlf.a
[7] = m7M_tls.a
[8] = rt7M_tl.a
[9] = shb_l.a

  13'391 bytes of readonly  code memory
     167 bytes of readonly  data memory
   1'433 bytes of readwrite data memory

Errors: none
Warnings: none
